nohup: ignoring input
[INFO] Scanning for projects...
[INFO] 
[INFO] --------------------< com.google.adk:viral-service >--------------------
[INFO] Building MD Aesthetics Viral Content Service 0.2.0
[INFO]   from pom.xml
[INFO] --------------------------------[ jar ]---------------------------------
[INFO] 
[INFO] >>> spring-boot:3.2.1:run (default-cli) > test-compile @ viral-service >>>
[INFO] 
[INFO] --- resources:3.3.1:resources (default-resources) @ viral-service ---
[INFO] Copying 5 resources from src/main/resources to target/classes
[INFO] 
[INFO] --- compiler:3.13.0:compile (default-compile) @ viral-service ---
[INFO] Nothing to compile - all classes are up to date.
[INFO] 
[INFO] --- resources:3.3.1:testResources (default-testResources) @ viral-service ---
[INFO] skip non existing resourceDirectory /workspaces/adk-java/viral-service/src/test/resources
[INFO] 
[INFO] --- compiler:3.13.0:testCompile (default-testCompile) @ viral-service ---
[INFO] Nothing to compile - all classes are up to date.
[INFO] 
[INFO] <<< spring-boot:3.2.1:run (default-cli) < test-compile @ viral-service <<<
[INFO] 
[INFO] 
[INFO] --- spring-boot:3.2.1:run (default-cli) @ viral-service ---
[INFO] Attaching agents: []
Standard Commons Logging discovery in action with spring-jcl: please remove commons-logging.jar from classpath in order to avoid potential conflicts

  .   ____          _            __ _ _
 /\\ / ___'_ __ _ _(_)_ __  __ _ \ \ \ \
( ( )\___ | '_ | '_| | '_ \/ _` | \ \ \ \
 \\/  ___)| |_)| | | | | || (_| |  ) ) ) )
  '  |____| .__|_| |_|_| |_\__, | / / / /
 =========|_|==============|___/=/_/_/_/
 :: Spring Boot ::                (v3.2.1)

2025-08-25T00:43:34.828Z  INFO 68191 --- [viral-service] [           main] c.m.viral.ViralServiceApplication        : Starting ViralServiceApplication using Java 17.0.16 with PID 68191 (/workspaces/adk-java/viral-service/target/classes started by codespace in /workspaces/adk-java/viral-service)
2025-08-25T00:43:34.829Z DEBUG 68191 --- [viral-service] [           main] c.m.viral.ViralServiceApplication        : Running with Spring Boot v3.2.1, Spring v6.1.2
2025-08-25T00:43:34.830Z  INFO 68191 --- [viral-service] [           main] c.m.viral.ViralServiceApplication        : The following 1 profile is active: "local"
2025-08-25T00:43:35.656Z  INFO 68191 --- [viral-service] [           main] o.s.b.w.embedded.tomcat.TomcatWebServer  : Tomcat initialized with port 3453 (http)
2025-08-25T00:43:35.664Z  INFO 68191 --- [viral-service] [           main] o.apache.catalina.core.StandardService   : Starting service [Tomcat]
2025-08-25T00:43:35.664Z  INFO 68191 --- [viral-service] [           main] o.apache.catalina.core.StandardEngine    : Starting Servlet engine: [Apache Tomcat/10.1.17]
2025-08-25T00:43:35.708Z  INFO 68191 --- [viral-service] [           main] o.a.c.c.C.[.[.[/viral-service]           : Initializing Spring embedded WebApplicationContext
2025-08-25T00:43:35.710Z  INFO 68191 --- [viral-service] [           main] w.s.c.ServletWebServerApplicationContext : Root WebApplicationContext: initialization completed in 852 ms
Standard Commons Logging discovery in action with spring-jcl: please remove commons-logging.jar from classpath in order to avoid potential conflicts
2025-08-25T00:43:35.813Z DEBUG 68191 --- [viral-service] [           main] o.s.w.f.ServerHttpObservationFilter      : Filter 'webMvcObservationFilter' configured for use
2025-08-25T00:43:36.014Z  WARN 68191 --- [viral-service] [           main] ConfigServletWebServerApplicationContext : Exception encountered during context initialization - cancelling refresh attempt: org.springframework.beans.factory.BeanCreationException: Error creating bean with name 'viralAnalysisController' defined in file [/workspaces/adk-java/viral-service/target/classes/com/mdaesthetics/viral/controller/ViralAnalysisController.class]: Failed to instantiate [com.mdaesthetics.viral.controller.ViralAnalysisController]: Constructor threw exception
2025-08-25T00:43:36.016Z  INFO 68191 --- [viral-service] [           main] o.apache.catalina.core.StandardService   : Stopping service [Tomcat]
2025-08-25T00:43:36.031Z  INFO 68191 --- [viral-service] [           main] .s.b.a.l.ConditionEvaluationReportLogger : 

Error starting ApplicationContext. To display the condition evaluation report re-run your application with 'debug' enabled.
2025-08-25T00:43:36.043Z ERROR 68191 --- [viral-service] [           main] o.s.boot.SpringApplication               : Application run failed

org.springframework.beans.factory.BeanCreationException: Error creating bean with name 'viralAnalysisController' defined in file [/workspaces/adk-java/viral-service/target/classes/com/mdaesthetics/viral/controller/ViralAnalysisController.class]: Failed to instantiate [com.mdaesthetics.viral.controller.ViralAnalysisController]: Constructor threw exception
	at org.springframework.beans.factory.support.AbstractAutowireCapableBeanFactory.instantiateBean(AbstractAutowireCapableBeanFactory.java:1316) ~[spring-beans-6.1.2.jar:6.1.2]
	at org.springframework.beans.factory.support.AbstractAutowireCapableBeanFactory.createBeanInstance(AbstractAutowireCapableBeanFactory.java:1201) ~[spring-beans-6.1.2.jar:6.1.2]
	at org.springframework.beans.factory.support.AbstractAutowireCapableBeanFactory.doCreateBean(AbstractAutowireCapableBeanFactory.java:561) ~[spring-beans-6.1.2.jar:6.1.2]
	at org.springframework.beans.factory.support.AbstractAutowireCapableBeanFactory.createBean(AbstractAutowireCapableBeanFactory.java:521) ~[spring-beans-6.1.2.jar:6.1.2]
	at org.springframework.beans.factory.support.AbstractBeanFactory.lambda$doGetBean$0(AbstractBeanFactory.java:325) ~[spring-beans-6.1.2.jar:6.1.2]
	at org.springframework.beans.factory.support.DefaultSingletonBeanRegistry.getSingleton(DefaultSingletonBeanRegistry.java:234) ~[spring-beans-6.1.2.jar:6.1.2]
	at org.springframework.beans.factory.support.AbstractBeanFactory.doGetBean(AbstractBeanFactory.java:323) ~[spring-beans-6.1.2.jar:6.1.2]
	at org.springframework.beans.factory.support.AbstractBeanFactory.getBean(AbstractBeanFactory.java:199) ~[spring-beans-6.1.2.jar:6.1.2]
	at org.springframework.beans.factory.support.DefaultListableBeanFactory.preInstantiateSingletons(DefaultListableBeanFactory.java:975) ~[spring-beans-6.1.2.jar:6.1.2]
	at org.springframework.context.support.AbstractApplicationContext.finishBeanFactoryInitialization(AbstractApplicationContext.java:960) ~[spring-context-6.1.2.jar:6.1.2]
	at org.springframework.context.support.AbstractApplicationContext.refresh(AbstractApplicationContext.java:625) ~[spring-context-6.1.2.jar:6.1.2]
	at org.springframework.boot.web.servlet.context.ServletWebServerApplicationContext.refresh(ServletWebServerApplicationContext.java:146) ~[spring-boot-3.2.1.jar:3.2.1]
	at org.springframework.boot.SpringApplication.refresh(SpringApplication.java:762) ~[spring-boot-3.2.1.jar:3.2.1]
	at org.springframework.boot.SpringApplication.refreshContext(SpringApplication.java:464) ~[spring-boot-3.2.1.jar:3.2.1]
	at org.springframework.boot.SpringApplication.run(SpringApplication.java:334) ~[spring-boot-3.2.1.jar:3.2.1]
	at org.springframework.boot.SpringApplication.run(SpringApplication.java:1358) ~[spring-boot-3.2.1.jar:3.2.1]
	at org.springframework.boot.SpringApplication.run(SpringApplication.java:1347) ~[spring-boot-3.2.1.jar:3.2.1]
	at com.mdaesthetics.viral.ViralServiceApplication.main(ViralServiceApplication.java:10) ~[classes/:na]
Caused by: org.springframework.beans.BeanInstantiationException: Failed to instantiate [com.mdaesthetics.viral.controller.ViralAnalysisController]: Constructor threw exception
	at org.springframework.beans.BeanUtils.instantiateClass(BeanUtils.java:223) ~[spring-beans-6.1.2.jar:6.1.2]
	at org.springframework.beans.factory.support.SimpleInstantiationStrategy.instantiate(SimpleInstantiationStrategy.java:88) ~[spring-beans-6.1.2.jar:6.1.2]
	at org.springframework.beans.factory.support.AbstractAutowireCapableBeanFactory.instantiateBean(AbstractAutowireCapableBeanFactory.java:1310) ~[spring-beans-6.1.2.jar:6.1.2]
	... 17 common frames omitted
Caused by: java.lang.Error: Unresolved compilation problems: 
	The import com.mdaesthetics.viral.services.TrendAnalyzerService cannot be resolved
	The import com.mdaesthetics.viral.services.ContentCreatorService cannot be resolved
	The import com.mdaesthetics.viral.services.QAService cannot be resolved
	TrendAnalyzerService cannot be resolved to a type
	ContentCreatorService cannot be resolved to a type
	QAService cannot be resolved to a type
	TrendAnalyzerService cannot be resolved to a type
	ContentCreatorService cannot be resolved to a type
	TrendAnalyzerService cannot be resolved to a type
	ContentCreatorService cannot be resolved to a type
	QAService cannot be resolved to a type
	QAService cannot be resolved to a type
	TrendAnalyzerService cannot be resolved to a type
	ContentCreatorService cannot be resolved to a type
	QAService cannot be resolved to a type
	TrendAnalyzerService cannot be resolved to a type
	TrendAnalyzerService cannot be resolved to a type
	ContentCreatorService cannot be resolved to a type
	QAService cannot be resolved to a type

	at com.mdaesthetics.viral.controller.ViralAnalysisController.<init>(ViralAnalysisController.java:7) ~[classes/:na]
	at java.base/jdk.internal.reflect.NativeConstructorAccessorImpl.newInstance0(Native Method) ~[na:na]
	at java.base/jdk.internal.reflect.NativeConstructorAccessorImpl.newInstance(NativeConstructorAccessorImpl.java:77) ~[na:na]
	at java.base/jdk.internal.reflect.DelegatingConstructorAccessorImpl.newInstance(DelegatingConstructorAccessorImpl.java:45) ~[na:na]
	at java.base/java.lang.reflect.Constructor.newInstanceWithCaller(Constructor.java:500) ~[na:na]
	at java.base/java.lang.reflect.Constructor.newInstance(Constructor.java:481) ~[na:na]
	at org.springframework.beans.BeanUtils.instantiateClass(BeanUtils.java:197) ~[spring-beans-6.1.2.jar:6.1.2]
	... 19 common frames omitted

[INFO] ------------------------------------------------------------------------
[INFO] BUILD FAILURE
[INFO] ------------------------------------------------------------------------
[INFO] Total time:  3.817 s
[INFO] Finished at: 2025-08-25T00:43:36Z
[INFO] ------------------------------------------------------------------------
[ERROR] Failed to execute goal org.springframework.boot:spring-boot-maven-plugin:3.2.1:run (default-cli) on project viral-service: Process terminated with exit code: 1 -> [Help 1]
[ERROR] 
[ERROR] To see the full stack trace of the errors, re-run Maven with the -e switch.
[ERROR] Re-run Maven using the -X switch to enable full debug logging.
[ERROR] 
[ERROR] For more information about the errors and possible solutions, please read the following articles:
[ERROR] [Help 1] http://cwiki.apache.org/confluence/display/MAVEN/MojoExecutionException
